\BOOKMARK [1][-]{section.1}{\376\377\137\025\212\000}{}% 1
\BOOKMARK [2][-]{subsection.1.1}{\376\377\170\024\172\166\200\314\146\157}{section.1}% 2
\BOOKMARK [2][-]{subsection.1.2}{\376\377\163\260\147\011\145\271\154\325\116\016\116\015\215\263}{section.1}% 3
\BOOKMARK [2][-]{subsection.1.3}{\376\377\147\054\145\207\215\041\163\056}{section.1}% 4
\BOOKMARK [1][-]{section.2}{\376\377\173\227\154\325\213\276\213\241}{}% 5
\BOOKMARK [2][-]{subsection.2.1}{\376\377\173\046\123\367\116\016\225\356\230\230\133\232\116\111}{section.2}% 6
\BOOKMARK [2][-]{subsection.2.2}{\376\377\000H\000C\000E\000A\000V\0004\000\040\147\266\147\204\127\372\136\247}{section.2}% 7
\BOOKMARK [2][-]{subsection.2.3}{\376\377\000Q\000-\000E\000P\000S\000\040\201\352\220\002\136\224\122\006\117\115\145\160\000\040\000-\177\121\150\074}{section.2}% 8
\BOOKMARK [2][-]{subsection.2.4}{\376\377\000O\000R\000A\000\040\127\050\176\277\123\302\200\003\160\271\121\215\122\006\221\115}{section.2}% 9
\BOOKMARK [2][-]{subsection.2.5}{\376\377\000I\000G\000D\000\040\133\374\145\160\225\350\143\247\173\227\133\120\122\007\143\142}{section.2}% 10
\BOOKMARK [2][-]{subsection.2.6}{\376\377\142\030\127\072\215\357\165\061\147\072\122\066\377\010\000V\000O\000R\000-\000v\0002\377\011}{section.2}% 11
\BOOKMARK [2][-]{subsection.2.7}{\376\377\000C\000B\000I\000M\000\040\145\066\145\133\225\350\143\247\217\271\165\114\171\373\154\021}{section.2}% 12
\BOOKMARK [1][-]{section.3}{\376\377\133\236\232\214}{}% 13
\BOOKMARK [2][-]{subsection.3.1}{\376\377\127\372\121\306\155\113\213\325\226\306}{section.3}% 14
\BOOKMARK [2][-]{subsection.3.2}{\376\377\116\073\176\323\147\234\377\032\000I\000G\000D\000\040\143\222\124\015}{section.3}% 15
\BOOKMARK [2][-]{subsection.3.3}{\376\377\145\066\145\133\146\362\176\277\116\016\000\040\000P\000P\000S\000\040\172\063\133\232\140\047}{section.3}% 16
\BOOKMARK [2][-]{subsection.3.4}{\376\377\142\030\127\072\215\357\165\061\155\210\207\215}{section.3}% 17
\BOOKMARK [2][-]{subsection.3.5}{\376\377\213\332\133\236\217\271\165\114}{section.3}% 18
\BOOKMARK [1][-]{section.4}{\376\377\213\250\213\272}{}% 19
\BOOKMARK [2][-]{subsection.4.1}{\376\377\142\030\127\072\215\357\165\061\166\204\146\156\220\002\140\047\116\016\134\100\226\120}{section.4}% 20
\BOOKMARK [2][-]{subsection.4.2}{\376\377\000P\000P\000S\000\040\172\063\133\232\140\047\116\016\171\315\133\120\116\015\123\330\140\047}{section.4}% 21
\BOOKMARK [2][-]{subsection.4.3}{\376\377\116\016\000\040\000S\000O\000T\000A\000\040\116\011\116\366\131\127\166\204\135\356\215\335}{section.4}% 22
\BOOKMARK [1][-]{section.5}{\376\377\176\323\213\272}{}% 23
