This is XeTeX, Version 3.141592653-2.6-0.999998 (TeX Live 2026) (preloaded format=xelatex)
 restricted \write18 enabled.
entering extended mode
(./main.tex
LaTeX2e <2025-11-01>
L3 programming layer <2026-01-19>
(d:/texlive/2026/texmf-dist/tex/latex/base/article.cls
Document Class: article 2025/01/22 v1.4n Standard LaTeX document class
(d:/texlive/2026/texmf-dist/tex/latex/base/size11.clo))
(d:/texlive/2026/texmf-dist/tex/xelatex/xecjk/xeCJK.sty
(d:/texlive/2026/texmf-dist/tex/latex/l3kernel/expl3.sty
(d:/texlive/2026/texmf-dist/tex/latex/l3backend/l3backend-xetex.def))
(d:/texlive/2026/texmf-dist/tex/latex/ctex/ctexhook.sty)
(d:/texlive/2026/texmf-dist/tex/latex/l3packages/xtemplate/xtemplate.sty)
(d:/texlive/2026/texmf-dist/tex/latex/fontspec/fontspec.sty
(d:/texlive/2026/texmf-dist/tex/latex/l3packages/xparse/xparse.sty)
(d:/texlive/2026/texmf-dist/tex/latex/fontspec/fontspec-xetex.sty
(d:/texlive/2026/texmf-dist/tex/latex/base/fontenc.sty)
(d:/texlive/2026/texmf-dist/tex/latex/fontspec/fontspec.cfg)))
(d:/texlive/2026/texmf-dist/tex/xelatex/xecjk/xeCJK.cfg))
(d:/texlive/2026/texmf-dist/tex/latex/graphics/graphicx.sty
(d:/texlive/2026/texmf-dist/tex/latex/graphics/keyval.sty)
(d:/texlive/2026/texmf-dist/tex/latex/graphics/graphics.sty
(d:/texlive/2026/texmf-dist/tex/latex/graphics/trig.sty)
(d:/texlive/2026/texmf-dist/tex/latex/graphics-cfg/graphics.cfg)
(d:/texlive/2026/texmf-dist/tex/latex/graphics-def/xetex.def)))
(d:/texlive/2026/texmf-dist/tex/latex/amsmath/amsmath.sty
For additional information on amsmath, use the `?' option.
(d:/texlive/2026/texmf-dist/tex/latex/amsmath/amstext.sty
(d:/texlive/2026/texmf-dist/tex/latex/amsmath/amsgen.sty))
(d:/texlive/2026/texmf-dist/tex/latex/amsmath/amsbsy.sty)
(d:/texlive/2026/texmf-dist/tex/latex/amsmath/amsopn.sty))
(d:/texlive/2026/texmf-dist/tex/latex/amsfonts/amssymb.sty
(d:/texlive/2026/texmf-dist/tex/latex/amsfonts/amsfonts.sty))
(d:/texlive/2026/texmf-dist/tex/latex/booktabs/booktabs.sty)
(d:/texlive/2026/texmf-dist/tex/latex/algorithms/algorithm.sty
(d:/texlive/2026/texmf-dist/tex/latex/float/float.sty)
(d:/texlive/2026/texmf-dist/tex/latex/base/ifthen.sty))
(d:/texlive/2026/texmf-dist/tex/latex/algorithms/algorithmic.sty)
(d:/texlive/2026/texmf-dist/tex/latex/geometry/geometry.sty
(d:/texlive/2026/texmf-dist/tex/generic/iftex/ifvtex.sty
(d:/texlive/2026/texmf-dist/tex/generic/iftex/iftex.sty)))
(d:/texlive/2026/texmf-dist/tex/latex/caption/caption.sty
(d:/texlive/2026/texmf-dist/tex/latex/caption/caption3.sty))
(d:/texlive/2026/texmf-dist/tex/latex/caption/subcaption.sty)
(d:/texlive/2026/texmf-dist/tex/latex/hyperref/hyperref.sty
(d:/texlive/2026/texmf-dist/tex/latex/kvsetkeys/kvsetkeys.sty)
(d:/texlive/2026/texmf-dist/tex/generic/kvdefinekeys/kvdefinekeys.sty)
(d:/texlive/2026/texmf-dist/tex/generic/pdfescape/pdfescape.sty
(d:/texlive/2026/texmf-dist/tex/generic/ltxcmds/ltxcmds.sty)
(d:/texlive/2026/texmf-dist/tex/generic/pdftexcmds/pdftexcmds.sty
(d:/texlive/2026/texmf-dist/tex/generic/infwarerr/infwarerr.sty)))
(d:/texlive/2026/texmf-dist/tex/latex/hycolor/hycolor.sty)
(d:/texlive/2026/texmf-dist/tex/latex/hyperref/nameref.sty
(d:/texlive/2026/texmf-dist/tex/latex/refcount/refcount.sty)
(d:/texlive/2026/texmf-dist/tex/generic/gettitlestring/gettitlestring.sty
(d:/texlive/2026/texmf-dist/tex/latex/kvoptions/kvoptions.sty)))
(d:/texlive/2026/texmf-dist/tex/latex/etoolbox/etoolbox.sty)
(d:/texlive/2026/texmf-dist/tex/generic/stringenc/stringenc.sty)
(d:/texlive/2026/texmf-dist/tex/latex/hyperref/pd1enc.def)
(d:/texlive/2026/texmf-dist/tex/generic/intcalc/intcalc.sty)
(d:/texlive/2026/texmf-dist/tex/latex/hyperref/puenc.def)
(d:/texlive/2026/texmf-dist/tex/latex/url/url.sty)
(d:/texlive/2026/texmf-dist/tex/generic/bitset/bitset.sty
(d:/texlive/2026/texmf-dist/tex/generic/bigintcalc/bigintcalc.sty)))
(d:/texlive/2026/texmf-dist/tex/latex/hyperref/hxetex.def
(d:/texlive/2026/texmf-dist/tex/latex/rerunfilecheck/rerunfilecheck.sty
(d:/texlive/2026/texmf-dist/tex/generic/uniquecounter/uniquecounter.sty)))
(./main.aux)
*geometry* driver: auto-detecting
*geometry* detected driver: xetex
(d:/texlive/2026/texmf-dist/tex/latex/graphics/color.sty
(d:/texlive/2026/texmf-dist/tex/latex/graphics-cfg/color.cfg)
(d:/texlive/2026/texmf-dist/tex/latex/graphics/mathcolor.ltx)) (./main.out)
(./main.out)

Package hyperref Warning: Rerun to get /PageLabels entry.


LaTeX Font Warning: Font shape `TU/SimSun(0)/b/n' undefined
(Font)              using `TU/SimSun(0)/m/n' instead on input line 29.

(d:/texlive/2026/texmf-dist/tex/latex/amsfonts/umsa.fd)
(d:/texlive/2026/texmf-dist/tex/latex/amsfonts/umsb.fd) [1] [2]

Package hyperref Warning: Token not allowed in a PDF string (Unicode):
(hyperref)                removing `math shift' on input line 93.


Package hyperref Warning: Token not allowed in a PDF string (Unicode):
(hyperref)                removing `\varepsilon' on input line 93.


Package hyperref Warning: Token not allowed in a PDF string (Unicode):
(hyperref)                removing `math shift' on input line 93.

[3]
Overfull \hbox (31.69067pt too wide) in paragraph at lines 176--199
 [][] 

Overfull \hbox (4.31564pt too wide) in paragraph at lines 176--199
 [] 

LaTeX Warning: `h' float specifier changed to `ht'.


LaTeX Warning: `h' float specifier changed to `ht'.

[4]

LaTeX Warning: Reference `sec:routing' on page 5 undefined on input line 232.


LaTeX Warning: `h' float specifier changed to `ht'.

[5]

LaTeX Warning: Reference `sec:routing' on page 6 undefined on input line 267.

[6] [7] (./main.aux)

LaTeX Font Warning: Some font shapes were not available, defaults substituted.


LaTeX Warning: There were undefined references.


LaTeX Warning: Label(s) may have changed. Rerun to get cross-references right.


Package rerunfilecheck Warning: File `main.out' has changed.
(rerunfilecheck)                Rerun to get outlines right
(rerunfilecheck)                or use package `bookmark'.

 )
(see the transcript file for additional information)
Output written on main.pdf (7 pages).
Transcript written on main.log.
